// Jest Snapshot v1, https://goo.gl/fbAQLP

exports[`Manifest Entitlements List Container renders correctly once entitlements have been loaded 1`] = `
<div>
  <table
    aria-label="Allocations table"
    class="sub-c-table-manifests-entitlement-list pf-c-table pf-m-grid-md pf-m-compact pf-m-no-border-rows pf-m-nested"
    data-ouia-component-id="entitlementTable/abc123"
    data-ouia-component-type="PF4/Table"
    data-ouia-safe="true"
    role="grid"
  >
    <thead
      class=""
    >
      <tr
        class=""
        data-ouia-component-id="entitlementTable/abc123/head"
        data-ouia-component-type="PF4/TableRow"
        data-ouia-safe="true"
      >
        <th
          class=""
          scope="col"
        >
          Subscription name
        </th>
        <th
          class=""
          scope="col"
        >
          SKU
        </th>
        <th
          class=""
          scope="col"
        >
          Contract number
        </th>
        <th
          class=""
          scope="col"
        >
          Quantity
        </th>
        <th
          class=""
          scope="col"
        >
          Start date
        </th>
        <th
          class=""
          scope="col"
        >
          End date
        </th>
      </tr>
    </thead>
    <tbody
      class=""
      role="rowgroup"
    >
      <tr
        class=""
        data-ouia-component-id="entitlementTable/abc123/row0"
        data-ouia-component-type="PF4/TableRow"
        data-ouia-safe="true"
      >
        <td
          class=""
        />
        <td
          class=""
        >
          sku123
        </td>
        <td
          class=""
        >
          12345
        </td>
        <td
          class=""
        >
          10
        </td>
        <td
          class=""
        >
          2021-01-01
        </td>
        <td
          class=""
        >
          2022-01-01
        </td>
      </tr>
    </tbody>
  </table>
</div>
`;
