// Jest Snapshot v1, https://goo.gl/fbAQLP

exports[`Manifest Entitlements List Container renders correctly once entitlements have been loaded 1`] = `
<div>
  <div>
    <table
      aria-label="Allocations table"
      class="sub-c-table-manifests-entitlement-list pf-c-table pf-m-grid-md pf-m-no-border-rows"
      data-ouia-component-id="OUIA-Generated-Table-2"
      data-ouia-component-type="PF4/Table"
      data-ouia-safe="true"
      role="grid"
    >
      <thead
        class=""
      >
        <tr
          class=""
          data-ouia-component-id="OUIA-Generated-TableRow-1"
          data-ouia-component-type="PF4/TableRow"
          data-ouia-safe="true"
        >
          <th
            class="pf-m-nowrap"
            data-key="0"
            data-label="Subscription name"
            scope="col"
          >
            Subscription name
          </th>
          <th
            class="pf-m-nowrap"
            data-key="1"
            data-label="SKU"
            scope="col"
          >
            SKU
          </th>
          <th
            class="pf-m-nowrap"
            data-key="2"
            data-label="Contract number"
            scope="col"
          >
            Contract number
          </th>
          <th
            class="pf-m-nowrap"
            data-key="3"
            data-label="Quantity"
            scope="col"
          >
            Quantity
          </th>
          <th
            class="pf-m-nowrap"
            data-key="4"
            data-label="Start date"
            scope="col"
          >
            Start date
          </th>
          <th
            class="pf-m-nowrap"
            data-key="5"
            data-label="End date"
            scope="col"
          >
            End date
          </th>
        </tr>
      </thead>
      <tbody
        class=""
        role="rowgroup"
      >
        <tr
          class=""
          data-ouia-component-id="OUIA-Generated-TableRow-2"
          data-ouia-component-type="PF4/TableRow"
          data-ouia-safe="true"
        >
          <td
            class=""
            data-key="0"
            data-label="Subscription name"
          />
          <td
            class=""
            data-key="1"
            data-label="SKU"
          >
            sku123
          </td>
          <td
            class=""
            data-key="2"
            data-label="Contract number"
          >
            12345
          </td>
          <td
            class=""
            data-key="3"
            data-label="Quantity"
          >
            10
          </td>
          <td
            class=""
            data-key="4"
            data-label="Start date"
          >
            2021-01-01
          </td>
          <td
            class=""
            data-key="5"
            data-label="End date"
          >
            2022-01-01
          </td>
        </tr>
      </tbody>
    </table>
  </div>
</div>
`;
